    Info (169065): Pin USER_IO[6] has a permanently disabled output enable File: C:/Temp/mistercore/MacLC_MiSTer/sys/sys_top.v Line: 125
Error (11802): Can't fit design in device. Modify your design to reduce resources, or choose a larger device. The Intel FPGA Knowledge Database contains many articles with specific details on how to resolve this error. Visit the Knowledge Database at https://www.altera.com/support/support-resources/knowledge-base/search.html and search for this specific error message number.
Info (144001): Generated suppressed messages file C:/Temp/mistercore/MacLC_MiSTer/output_files/MacLC.fit.smsg
Error: Quartus Prime Fitter was unsuccessful. 2 errors, 179 warnings
    Error: Peak virtual memory: 7177 megabytes
    Error: Processing ended: Mon Jul 06 10:48:42 2026
    Error: Elapsed time: 00:01:00
    Error: Total CPU time (on all processors): 00:01:00
Error (293001): Quartus Prime Full Compilation was unsuccessful. 4 errors, 280 warnings
Error: Flow compile (for project C:/Temp/mistercore/MacLC_MiSTer/MacLC) was not successful
Error: ERROR: Error(s) found while running an executable. See report file(s) for error message(s). Message log indicates which executable was run last.

Error (23031): Evaluation of Tcl script c:/intelfpga_lite/17.0/quartus/common/tcl/internal/qsh_flow.tcl unsuccessful
Error: Quartus Prime Shell was unsuccessful. 11 errors, 280 warnings
    Error: Peak virtual memory: 4811 megabytes
    Error: Processing ended: Mon Jul 06 10:48:43 2026
    Error: Elapsed time: 00:05:05
    Error: Total CPU time (on all processors): 00:08:15

------------------------------------------------------------
BUILD STATUS  (MacLC, 5m06s)
------------------------------------------------------------
  Analysis & Synthesis   Analysis & Synthesis Status : Successful - Mon Jul 06 10:47:40 2026
  Fitter                 Fitter Status : Failed - Mon Jul 06 10:48:41 2026
  Timing (STA)           met — worst slack +0.242 ns
  Artifact               output_files/MacLC.rbf  (4428780 bytes, 2026-07-06 09:53:05)
  Quartus flow           exit=3
  Full log               output_files/build_20260706_104337.log
------------------------------------------------------------
[10:48:43] RESULT: FAILED (quartus exit=3) — see output_files/build_20260706_104337.log
