hw=USB-Blaster [USB-0] dev=@2: 5CSEBA6(.|ES)/5CSEMA6/.. (0x02D020DD) n=12000 dly=15
FS 0 6 byte=2261 miss=0 trk=0 side=1 lat=FF stp=0 dat=96 addr=04EE2A
FS 50 1560 byte=2261 miss=0 trk=0 side=1 lat=FF stp=0 dat=96 addr=A09BEE
FS 100 3114 byte=2261 miss=0 trk=0 side=1 lat=FF stp=0 dat=96 addr=A099F4
FS 137 4264 byte=2262 miss=0 trk=0 side=1 lat=FF stp=0 dat=96 addr=7DF876
FS 150 4666 byte=2262 miss=0 trk=0 side=1 lat=FF stp=0 dat=96 addr=050FBE
FS 153 4757 byte=2263 miss=0 trk=0 side=1 lat=FF stp=0 dat=96 addr=05DB4A
FS 200 6216 byte=2263 miss=0 trk=0 side=1 lat=FF stp=0 dat=96 addr=7DF8A6
FS 250 7768 byte=2263 miss=0 trk=0 side=1 lat=FF stp=0 dat=96 addr=7E56AC
FS 300 13057 byte=2263 miss=0 trk=0 side=1 lat=FF stp=0 dat=96 addr=7A9408
FS 350 14605 byte=2263 miss=0 trk=0 side=1 lat=FF stp=0 dat=96 addr=7E9724
FS 386 15727 byte=2264 miss=0 trk=0 side=1 lat=FF stp=0 dat=96 addr=A0B3FE
FS 400 16161 byte=2264 miss=0 trk=0 side=1 lat=FF stp=0 dat=96 addr=00FF00
FS 402 16222 byte=2265 miss=0 trk=0 side=1 lat=FF stp=0 dat=96 addr=06432E
FS 450 17709 byte=2265 miss=0 trk=0 side=1 lat=FF stp=0 dat=96 addr=04CEE2
FS 500 19261 byte=2265 miss=0 trk=0 side=1 lat=FF stp=0 dat=96 addr=000CEC
FS 531 20222 byte=2266 miss=0 trk=0 side=1 lat=FF stp=0 dat=96 addr=7DF892
FS 547 20716 byte=2267 miss=0 trk=0 side=1 lat=FF stp=0 dat=00 addr=A0B3FA
FS 550 20809 byte=2267 miss=0 trk=0 side=1 lat=FF stp=0 dat=96 addr=7DF8CE
FS 600 22363 byte=2267 miss=0 trk=0 side=1 lat=FF stp=0 dat=FF addr=A099BC
FS 650 23921 byte=2267 miss=0 trk=0 side=1 lat=FF stp=0 dat=96 addr=000776
FS 691 25192 byte=2268 miss=0 trk=0 side=1 lat=FF stp=0 dat=96 addr=7DF89A
FS 700 25467 byte=2268 miss=0 trk=0 side=1 lat=FF stp=0 dat=FF addr=A06ED6
FS 724 26213 byte=2269 miss=0 trk=0 side=1 lat=FF stp=0 dat=96 addr=7DF8AA
FS 750 27015 byte=2269 miss=0 trk=0 side=1 lat=FF stp=0 dat=96 addr=A0A2D8
FS 800 28565 byte=2269 miss=0 trk=0 side=1 lat=FF stp=0 dat=96 addr=064336
FS 850 30118 byte=2269 miss=0 trk=0 side=1 lat=FF stp=0 dat=96 addr=7D848C
FS 869 30708 byte=2270 miss=0 trk=0 side=1 lat=FF stp=0 dat=96 addr=A0FF06
FS 900 31672 byte=2270 miss=0 trk=0 side=1 lat=FF stp=0 dat=96 addr=A09A02
FS 950 33226 byte=2270 miss=0 trk=0 side=1 lat=FF stp=0 dat=96 addr=7DF896
FS 1000 34782 byte=2270 miss=0 trk=0 side=1 lat=FF stp=0 dat=DE addr=7DF8AC
FS 1045 36181 byte=2271 miss=0 trk=0 side=1 lat=FF stp=0 dat=96 addr=00002A
FS 1050 36340 byte=2271 miss=0 trk=0 side=1 lat=FF stp=0 dat=96 addr=7DF896
FS 1061 36679 byte=2272 miss=0 trk=0 side=1 lat=FF stp=0 dat=FF addr=A0A34A
FS 1100 37890 byte=2272 miss=0 trk=0 side=1 lat=FF stp=0 dat=96 addr=008FF6
FS 1150 39446 byte=2272 miss=0 trk=0 side=1 lat=FF stp=0 dat=96 addr=7DF8D0
FS 1200 41002 byte=2272 miss=0 trk=0 side=1 lat=FF stp=0 dat=96 addr=A3185C
FS 1210 41313 byte=3016 miss=0 trk=0 side=0 lat=00 stp=0 dat=96 addr=A0BB8C
FS 1250 42550 byte=3016 miss=0 trk=0 side=0 lat=00 stp=0 dat=E5 addr=A0BB92
FS 1260 42859 byte=3229 miss=0 trk=0 side=0 lat=FA stp=0 dat=00 addr=F04006
FS 1261 42891 byte=5164 miss=0 trk=0 side=0 lat=00 stp=0 dat=96 addr=F04006
FS 1262 42920 byte=7083 miss=0 trk=0 side=0 lat=B5 stp=0 dat=DD addr=F04006
FS 1263 42952 byte=9076 miss=0 trk=0 side=0 lat=96 stp=0 dat=96 addr=A0A2F4
FS 1264 42982 byte=11016 miss=0 trk=0 side=0 lat=00 stp=0 dat=96 addr=F17800
FS 1265 43014 byte=13040 miss=0 trk=0 side=0 lat=96 stp=0 dat=96 addr=02FE3A
FS 1266 43045 byte=14975 miss=0 trk=0 side=0 lat=96 stp=0 dat=96 addr=A0BB90
FS 1267 43077 byte=15250 miss=0 trk=0 side=0 lat=00 stp=0 dat=9E addr=A0BB8E
FS 1300 44106 byte=15250 miss=0 trk=0 side=0 lat=00 stp=0 dat=CE addr=078034
FS 1316 44603 byte=15944 miss=0 trk=0 side=0 lat=96 stp=0 dat=96 addr=A06EFE
FS 1317 44635 byte=17939 miss=0 trk=0 side=0 lat=00 stp=0 dat=BF addr=F01E00
FS 1318 44665 byte=19873 miss=0 trk=0 side=0 lat=96 stp=0 dat=00 addr=A0BB8C
FS 1319 44697 byte=21856 miss=0 trk=0 side=0 lat=00 stp=0 dat=E5 addr=F17800
FS 1320 44726 byte=23797 miss=0 trk=0 side=0 lat=96 stp=0 dat=96 addr=A0BB8C
FS 1321 44756 byte=25692 miss=0 trk=0 side=0 lat=00 stp=0 dat=96 addr=F01E00
FS 1322 44788 byte=27651 miss=0 trk=0 side=0 lat=00 stp=0 dat=96 addr=A6E1DA
FS 1323 44817 byte=29556 miss=0 trk=0 side=0 lat=96 stp=0 dat=96 addr=F01E00
FS 1324 44849 byte=31504 miss=0 trk=0 side=0 lat=D7 stp=0 dat=00 addr=A6E320
FS 1350 49632 byte=8008 miss=0 trk=0 side=0 lat=96 stp=0 dat=96 addr=018F3A
FS 1351 49664 byte=10015 miss=0 trk=0 side=0 lat=96 stp=0 dat=96 addr=7DF442
FS 1352 49696 byte=12025 miss=0 trk=0 side=0 lat=96 stp=0 dat=96 addr=A099D0
FS 1353 49727 byte=14024 miss=0 trk=0 side=0 lat=B6 stp=0 dat=FF addr=A1A9F4
FS 1354 49759 byte=15966 miss=0 trk=0 side=0 lat=96 stp=0 dat=00 addr=F26002
FS 1355 49789 byte=17903 miss=0 trk=0 side=0 lat=BB stp=0 dat=DD addr=063442
FS 1356 49821 byte=19915 miss=0 trk=0 side=0 lat=96 stp=0 dat=96 addr=A099C2
FS 1357 49852 byte=21890 miss=0 trk=0 side=0 lat=96 stp=0 dat=96 addr=7DF432
FS 1358 49882 byte=23824 miss=0 trk=0 side=0 lat=F5 stp=0 dat=FB addr=04ED82
FS 1359 49912 byte=25754 miss=0 trk=0 side=0 lat=96 stp=0 dat=96 addr=7DF47E
FS 1360 49944 byte=27680 miss=0 trk=0 side=0 lat=96 stp=0 dat=F9 addr=7DF484
FS 1361 49973 byte=29638 miss=0 trk=0 side=0 lat=96 stp=0 dat=96 addr=06A174
FS 1362 50005 byte=31591 miss=0 trk=0 side=0 lat=96 stp=0 dat=96 addr=05D370
FS 1380 50564 byte=1517 miss=0 trk=0 side=0 lat=96 stp=0 dat=00 addr=7E5036
FS 1381 50594 byte=3490 miss=0 trk=0 side=0 lat=96 stp=0 dat=96 addr=05D168
FS 1382 50625 byte=5457 miss=0 trk=0 side=0 lat=96 stp=0 dat=96 addr=7DF44A
FS 1383 50655 byte=7405 miss=0 trk=0 side=0 lat=96 stp=0 dat=96 addr=A1B6D8
FS 1384 50687 byte=9388 miss=0 trk=0 side=0 lat=96 stp=0 dat=96 addr=A099D6
FS 1385 50719 byte=9742 miss=0 trk=0 side=0 lat=FF stp=0 dat=96 addr=A1A9D2
FS 1400 51184 byte=9742 miss=0 trk=0 side=0 lat=FF stp=0 dat=96 addr=053618
FS 1450 52734 byte=9742 miss=0 trk=0 side=0 lat=FF stp=0 dat=96 addr=05D3AC
FS 1500 54289 byte=9742 miss=0 trk=0 side=0 lat=FF stp=0 dat=96 addr=79EAB8
FS 1550 55843 byte=9742 miss=0 trk=0 side=0 lat=FF stp=0 dat=96 addr=069FB2
FS 1600 57395 byte=9742 miss=0 trk=0 side=0 lat=FF stp=0 dat=96 addr=A2C6D0
FS 1650 58945 byte=9742 miss=0 trk=0 side=0 lat=FF stp=0 dat=96 addr=A0DC2E
FS 1700 60499 byte=9742 miss=0 trk=0 side=0 lat=FF stp=0 dat=96 addr=00125C
FS 1750 62051 byte=9742 miss=0 trk=0 side=0 lat=FF stp=0 dat=96 addr=000BA2
FS 1800 63605 byte=9742 miss=0 trk=0 side=0 lat=FF stp=0 dat=96 addr=05D344
FS 1850 65151 byte=9742 miss=0 trk=0 side=0 lat=FF stp=0 dat=96 addr=A15A3E
FS 1900 66699 byte=9742 miss=0 trk=0 side=0 lat=FF stp=0 dat=96 addr=7DF422
FS 1950 68253 byte=9742 miss=0 trk=0 side=0 lat=FF stp=0 dat=FF addr=001188
FS 2000 69801 byte=9742 miss=0 trk=0 side=0 lat=FF stp=0 dat=96 addr=A1A9DA
FS 2050 71357 byte=9742 miss=0 trk=0 side=0 lat=FF stp=0 dat=96 addr=7DF4AC
FS 2100 72911 byte=9742 miss=0 trk=0 side=0 lat=FF stp=0 dat=96 addr=7DF4C4
FS 2150 74467 byte=9742 miss=0 trk=0 side=0 lat=FF stp=0 dat=96 addr=004008
FS 2200 76017 byte=9742 miss=0 trk=0 side=0 lat=FF stp=0 dat=96 addr=7DF3F8
FS 2250 77571 byte=9742 miss=0 trk=0 side=0 lat=FF stp=0 dat=96 addr=7DF45A
FS 2295 78971 byte=9742 miss=0 trk=19 side=0 lat=0E stp=0 dat=00 addr=A06EEE
FS 2296 79000 byte=9742 miss=0 trk=0 side=0 lat=FF stp=0 dat=FB addr=7DF444
FS 2300 79123 byte=9742 miss=0 trk=0 side=0 lat=FF stp=0 dat=96 addr=A0DC70
FS 2350 80679 byte=9742 miss=0 trk=0 side=0 lat=FF stp=0 dat=96 addr=7DF47E
FS 2400 82229 byte=9742 miss=0 trk=0 side=0 lat=FF stp=0 dat=96 addr=07C030
FS 2450 83786 byte=9742 miss=0 trk=0 side=0 lat=FF stp=0 dat=96 addr=7DF47C
FS 2500 85338 byte=9742 miss=0 trk=0 side=0 lat=FF stp=0 dat=96 addr=7DF4C6
FS 2550 86893 byte=9742 miss=0 trk=0 side=0 lat=FF stp=0 dat=96 addr=A1C972
FS 2600 88452 byte=9742 miss=0 trk=0 side=0 lat=FF stp=0 dat=B5 addr=A1A9EE
FS 2650 90008 byte=9742 miss=0 trk=0 side=0 lat=FF stp=0 dat=9B addr=A0B420
FS 2700 91558 byte=9742 miss=0 trk=0 side=0 lat=FF stp=0 dat=AC addr=7DF482
FS 2800 98462 byte=9742 miss=0 trk=0 side=0 lat=FF stp=0 dat=96 addr=A1B6D8
FS 2850 100022 byte=9742 miss=0 trk=0 side=0 lat=FF stp=0 dat=96 addr=7DF478
FS 2900 101578 byte=9742 miss=0 trk=0 side=0 lat=FF stp=0 dat=00 addr=07AAE2
FS 2950 103124 byte=9742 miss=0 trk=0 side=0 lat=FF stp=0 dat=96 addr=05D0D6
FS 3000 104680 byte=9742 miss=0 trk=0 side=0 lat=FF stp=0 dat=96 addr=004008
FS 3050 106236 byte=9742 miss=0 trk=0 side=0 lat=FF stp=0 dat=96 addr=A15C1E
FS 3100 107796 byte=9742 miss=0 trk=0 side=0 lat=FF stp=0 dat=00 addr=025E94
FS 3150 109358 byte=9742 miss=0 trk=0 side=0 lat=FF stp=0 dat=96 addr=A1A9F0
FS 3200 110912 byte=9742 miss=0 trk=0 side=0 lat=FF stp=0 dat=96 addr=A099B2
FS 3250 112474 byte=9742 miss=0 trk=0 side=0 lat=FF stp=0 dat=9D addr=A0DB80
FS 3300 114026 byte=9742 miss=0 trk=0 side=0 lat=FF stp=0 dat=FC addr=05D360
FS 3350 115584 byte=9742 miss=0 trk=0 side=0 lat=FF stp=0 dat=00 addr=7DF48A
FS 3400 117134 byte=9742 miss=0 trk=0 side=0 lat=FF stp=0 dat=E6 addr=7DF49A
FS 3450 118686 byte=9742 miss=0 trk=0 side=0 lat=FF stp=0 dat=D7 addr=07BFFC
FS 3500 120238 byte=9742 miss=0 trk=0 side=0 lat=FF stp=0 dat=00 addr=7DF4E8
FS 3550 121794 byte=9742 miss=0 trk=0 side=0 lat=FF stp=0 dat=FF addr=07C9DE
FS 3600 123352 byte=9742 miss=0 trk=0 side=0 lat=FF stp=0 dat=B3 addr=7DF532
FS 3650 124902 byte=9742 miss=0 trk=0 side=0 lat=FF stp=0 dat=AD addr=00031A
FS 3700 126456 byte=9742 miss=0 trk=0 side=0 lat=FF stp=0 dat=AD addr=A099D0
FS 3800 133271 byte=9742 miss=0 trk=0 side=0 lat=FF stp=0 dat=CE addr=025E9A
FS 3850 134827 byte=9742 miss=0 trk=0 side=0 lat=FF stp=0 dat=96 addr=7DF480
FS 3900 136385 byte=9742 miss=0 trk=0 side=0 lat=FF stp=0 dat=96 addr=7DF436
FS 3950 137939 byte=9742 miss=0 trk=0 side=0 lat=FF stp=0 dat=96 addr=A1A9D4
FS 4000 139497 byte=9742 miss=0 trk=0 side=0 lat=FF stp=0 dat=FF addr=A0A308
FS 4050 141049 byte=9742 miss=0 trk=0 side=0 lat=FF stp=0 dat=00 addr=A06EB2
FS 4100 142609 byte=9742 miss=0 trk=0 side=0 lat=FF stp=0 dat=96 addr=A2C650
FS 4150 144171 byte=9742 miss=0 trk=0 side=0 lat=FF stp=0 dat=96 addr=A099D8
FS 4200 145723 byte=9742 miss=0 trk=0 side=0 lat=FF stp=0 dat=96 addr=A099CA
FS 4250 147281 byte=9742 miss=0 trk=0 side=0 lat=FF stp=0 dat=96 addr=79EA24
FS 4300 148837 byte=9742 miss=0 trk=0 side=0 lat=FF stp=0 dat=DB addr=7DF500
FS 4350 150387 byte=9742 miss=0 trk=0 side=0 lat=FF stp=0 dat=FF addr=07C4A6
FS 4400 151941 byte=9742 miss=0 trk=0 side=0 lat=FF stp=0 dat=DB addr=05D0D0
FS 4450 153497 byte=9742 miss=0 trk=0 side=0 lat=FF stp=0 dat=DE addr=A1A9C6
FS 4500 155047 byte=9742 miss=0 trk=0 side=0 lat=FF stp=0 dat=FC addr=7DF432
FS 4550 156599 byte=9742 miss=0 trk=0 side=0 lat=FF stp=0 dat=FA addr=A19CF0
FS 4600 158153 byte=9742 miss=0 trk=0 side=0 lat=FF stp=0 dat=DC addr=06342C
FS 4650 159704 byte=9742 miss=0 trk=0 side=0 lat=FF stp=0 dat=BA addr=A1A9DC
FS 4700 161262 byte=9742 miss=0 trk=0 side=0 lat=FF stp=0 dat=00 addr=A0DBC0
FS 4750 162818 byte=9742 miss=0 trk=0 side=0 lat=FF stp=0 dat=FF addr=001EFC
FS 4800 164370 byte=9742 miss=0 trk=0 side=0 lat=FF stp=0 dat=FF addr=A099B0
FS 4850 165918 byte=9742 miss=0 trk=0 side=0 lat=FF stp=0 dat=CD addr=A099D4
FS 4900 167470 byte=9742 miss=0 trk=0 side=0 lat=FF stp=0 dat=9A addr=7DF50C
FS 4950 169020 byte=9742 miss=0 trk=0 side=0 lat=FF stp=0 dat=AC addr=A099B6
FS 5000 170574 byte=9742 miss=0 trk=0 side=0 lat=FF stp=0 dat=DD addr=7A4DA2
FS 5050 172136 byte=9742 miss=0 trk=0 side=0 lat=FF stp=0 dat=FB addr=A1B6DE
FS 5100 173694 byte=9742 miss=0 trk=0 side=0 lat=FF stp=0 dat=E5 addr=A0DC6E
FS 5150 175250 byte=9742 miss=0 trk=0 side=0 lat=FF stp=0 dat=97 addr=000D06
FS 5200 176812 byte=9742 miss=0 trk=0 side=0 lat=FF stp=0 dat=96 addr=A099D6
FS 5250 178378 byte=9742 miss=0 trk=0 side=0 lat=FF stp=0 dat=FF addr=79FA46
FS 5300 179942 byte=9742 miss=0 trk=0 side=0 lat=FF stp=0 dat=FF addr=7DF4AA
FS 5350 181502 byte=9742 miss=0 trk=0 side=0 lat=FF stp=0 dat=96 addr=05DF38
FS 5400 183062 byte=9742 miss=0 trk=0 side=0 lat=FF stp=0 dat=00 addr=063430
FS 5450 184618 byte=9742 miss=0 trk=0 side=0 lat=FF stp=0 dat=9F addr=79E930
FS 5500 186174 byte=9742 miss=0 trk=0 side=0 lat=FF stp=0 dat=DF addr=7DF498
FS 5550 187720 byte=9742 miss=0 trk=0 side=0 lat=FF stp=0 dat=FA addr=02F858
FS 5600 189278 byte=9742 miss=0 trk=0 side=0 lat=FF stp=0 dat=AE addr=7DF510
FS 5650 190836 byte=9742 miss=0 trk=0 side=0 lat=FF stp=0 dat=A7 addr=05CCB4
FS 5700 192384 byte=9742 miss=0 trk=0 side=0 lat=FF stp=0 dat=00 addr=A0A302
FS 5750 193940 byte=9742 miss=0 trk=0 side=0 lat=FF stp=0 dat=97 addr=063450
FS 5800 195494 byte=9742 miss=0 trk=0 side=0 lat=FF stp=0 dat=B7 addr=063438
FS 5850 197046 byte=9742 miss=0 trk=0 side=0 lat=FF stp=0 dat=9D addr=7DF458
FS 5900 198606 byte=9742 miss=0 trk=0 side=0 lat=FF stp=0 dat=00 addr=A4B96C
FS 5950 200156 byte=9742 miss=0 trk=0 side=0 lat=FF stp=0 dat=00 addr=7DF4F0
FS 6000 201710 byte=9742 miss=0 trk=0 side=0 lat=FF stp=0 dat=FF addr=A1B6D4
FS 6100 208568 byte=9742 miss=0 trk=0 side=0 lat=FF stp=0 dat=9A addr=053410
FS 6150 210120 byte=9742 miss=0 trk=0 side=0 lat=FF stp=0 dat=A7 addr=05DB4E
FS 6200 211672 byte=9742 miss=0 trk=0 side=0 lat=FF stp=0 dat=CB addr=A1A9F2
FS 6250 213226 byte=9742 miss=0 trk=0 side=0 lat=FF stp=0 dat=B9 addr=7DF48C
FS 6300 214778 byte=9742 miss=0 trk=0 side=0 lat=FF stp=0 dat=FA addr=A0A2E2
FS 6400 221647 byte=9742 miss=0 trk=0 side=0 lat=FF stp=0 dat=E9 addr=0627F0
FS 6450 223205 byte=9742 miss=0 trk=0 side=0 lat=FF stp=0 dat=E5 addr=0007B0
FS 6500 224755 byte=9742 miss=0 trk=0 side=0 lat=FF stp=0 dat=FF addr=A099D8
FS 6550 226302 byte=9742 miss=0 trk=0 side=0 lat=FF stp=0 dat=BF addr=A19E48
FS 6600 227850 byte=9742 miss=0 trk=0 side=0 lat=FF stp=0 dat=96 addr=7DF524
FS 6650 229400 byte=9742 miss=0 trk=0 side=0 lat=FF stp=0 dat=96 addr=05D3F0
FS 6700 230958 byte=9742 miss=0 trk=0 side=0 lat=FF stp=0 dat=96 addr=063F9A
FS 6750 232510 byte=9742 miss=0 trk=0 side=0 lat=FF stp=0 dat=AD addr=A099B4
FS 6800 234062 byte=9742 miss=0 trk=0 side=0 lat=FF stp=0 dat=FF addr=A1B6DE
FS 6850 235610 byte=9742 miss=0 trk=0 side=0 lat=FF stp=0 dat=96 addr=7DF46E
FS 6900 237162 byte=9742 miss=0 trk=0 side=0 lat=FF stp=0 dat=96 addr=A1B6DA
FS 6950 238718 byte=9742 miss=0 trk=0 side=0 lat=FF stp=0 dat=FF addr=A6D3EE
FS 7000 240278 byte=9742 miss=0 trk=0 side=0 lat=FF stp=0 dat=AC addr=7DF452
FS 7050 241828 byte=9742 miss=0 trk=0 side=0 lat=FF stp=0 dat=CF addr=7DF9E2
FS 7100 243378 byte=9742 miss=0 trk=0 side=0 lat=FF stp=0 dat=FA addr=A31870
FS 7150 244930 byte=9742 miss=0 trk=0 side=0 lat=FF stp=0 dat=ED addr=7DF44E
FS 7200 246482 byte=9742 miss=0 trk=0 side=0 lat=FF stp=0 dat=F7 addr=025EA0
FS 7250 248030 byte=9742 miss=0 trk=0 side=0 lat=FF stp=0 dat=00 addr=A2C664
FS 7300 249579 byte=9742 miss=0 trk=0 side=0 lat=FF stp=0 dat=96 addr=A1A9D2
FS 7350 251125 byte=9742 miss=0 trk=0 side=0 lat=FF stp=0 dat=AD addr=F26002
FS 7400 252675 byte=9742 miss=0 trk=0 side=0 lat=FF stp=0 dat=96 addr=A099D2
FS 7450 254227 byte=9742 miss=0 trk=0 side=0 lat=FF stp=0 dat=96 addr=A099C4
FS 7500 255777 byte=9742 miss=0 trk=0 side=0 lat=FF stp=0 dat=00 addr=7DF490
FS 7550 257323 byte=9742 miss=0 trk=0 side=0 lat=FF stp=0 dat=96 addr=05E05E
FS 7600 258873 byte=9742 miss=0 trk=0 side=0 lat=FF stp=0 dat=FF addr=A1B6D6
FS 7650 260411 byte=9742 miss=0 trk=0 side=0 lat=FF stp=0 dat=AD addr=7DF480
FS 7700 261967 byte=9742 miss=0 trk=0 side=0 lat=FF stp=0 dat=96 addr=000A08
FS 7750 263517 byte=9742 miss=0 trk=0 side=0 lat=FF stp=0 dat=FF addr=A1A9C8
FS 7800 265075 byte=9742 miss=0 trk=0 side=0 lat=FF stp=0 dat=00 addr=A2C654
FS 7850 266628 byte=9742 miss=0 trk=0 side=0 lat=FF stp=0 dat=96 addr=7F1A8A
FS 7900 268182 byte=9742 miss=0 trk=0 side=0 lat=FF stp=0 dat=96 addr=7DF436
FS 7950 269732 byte=9742 miss=0 trk=0 side=0 lat=FF stp=0 dat=96 addr=A19E3E
FS 8000 274996 byte=9742 miss=0 trk=0 side=0 lat=FF stp=0 dat=96 addr=A099B0
FS 8050 276548 byte=9742 miss=0 trk=0 side=0 lat=FF stp=0 dat=96 addr=79E930
FS 8100 278100 byte=9742 miss=0 trk=0 side=0 lat=FF stp=0 dat=96 addr=A099B0
FS 8150 279653 byte=9742 miss=0 trk=0 side=0 lat=FF stp=0 dat=96 addr=7DF452
FS 8200 281203 byte=9742 miss=0 trk=0 side=0 lat=FF stp=0 dat=96 addr=052C10
FS 8221 281851 byte=9742 miss=0 trk=19 side=0 lat=0E stp=0 dat=00 addr=C0C942
FS 8222 281883 byte=9742 miss=0 trk=0 side=0 lat=FF stp=0 dat=96 addr=A2E2BC
FS 8250 282755 byte=9742 miss=0 trk=0 side=0 lat=FF stp=0 dat=96 addr=A02A3C
FS 8300 284305 byte=9742 miss=0 trk=0 side=0 lat=FF stp=0 dat=96 addr=A02A3C
FS 8350 289606 byte=9742 miss=0 trk=0 side=0 lat=FF stp=0 dat=96 addr=A02A3C
FS 8400 291150 byte=9742 miss=0 trk=0 side=0 lat=FF stp=0 dat=FF addr=A02A3A
FS 8450 292695 byte=9742 miss=0 trk=0 side=0 lat=FF stp=0 dat=9B addr=A02A3A
FS 8500 294245 byte=9742 miss=0 trk=0 side=0 lat=FF stp=0 dat=F3 addr=000172
FS 8550 295795 byte=9742 miss=0 trk=0 side=0 lat=FF stp=0 dat=FF addr=A02A3C
FS 8631 302058 byte=9742 miss=0 trk=19 side=0 lat=0E stp=0 dat=00 addr=F5A614
FS 8632 302089 byte=9742 miss=0 trk=0 side=0 lat=FF stp=0 dat=DE addr=7DF36A
FS 8650 302650 byte=9742 miss=0 trk=0 side=0 lat=FF stp=0 dat=96 addr=7DF388
FS 8700 304198 byte=9742 miss=0 trk=0 side=0 lat=FF stp=0 dat=96 addr=7DF368
FS 8726 308781 byte=0 miss=0 trk=0 side=0 lat=FF stp=0 dat=96 addr=A09A06
FS 8727 308813 byte=9742 miss=0 trk=0 side=0 lat=FF stp=0 dat=F4 addr=A09A06
FS 8750 309523 byte=9742 miss=0 trk=0 side=0 lat=FF stp=0 dat=96 addr=06245A
FS 8800 311077 byte=9742 miss=0 trk=0 side=0 lat=FF stp=0 dat=96 addr=A0B496
FS 8850 312625 byte=9742 miss=0 trk=0 side=0 lat=FF stp=0 dat=96 addr=A0B414
FS 8917 318435 byte=9742 miss=0 trk=19 side=0 lat=0E stp=0 dat=00 addr=A0A2D2
FS 8918 318464 byte=0 miss=0 trk=0 side=0 lat=00 stp=0 dat=00 addr=A2D03A
FS 8950 319454 byte=0 miss=0 trk=0 side=0 lat=00 stp=0 dat=00 addr=A2D03A
FS 9000 321008 byte=0 miss=0 trk=0 side=0 lat=00 stp=0 dat=00 addr=A2D03A
FS 9050 322562 byte=0 miss=0 trk=0 side=0 lat=00 stp=0 dat=00 addr=A2D03A
FS 9100 324112 byte=0 miss=0 trk=0 side=0 lat=00 stp=0 dat=00 addr=A2D03A
FS 9150 325662 byte=0 miss=0 trk=0 side=0 lat=00 stp=0 dat=00 addr=A2D03A
FS 9200 327208 byte=0 miss=0 trk=0 side=0 lat=00 stp=0 dat=00 addr=A2D03A
FS 9250 328764 byte=0 miss=0 trk=0 side=0 lat=00 stp=0 dat=00 addr=A2D03A
FS 9300 330316 byte=0 miss=0 trk=0 side=0 lat=00 stp=0 dat=00 addr=A2D03A
FS 9350 331868 byte=0 miss=0 trk=0 side=0 lat=00 stp=0 dat=00 addr=A2D03A
FS 9400 333420 byte=0 miss=0 trk=0 side=0 lat=00 stp=0 dat=00 addr=A2D03A
FS 9450 334978 byte=0 miss=0 trk=0 side=0 lat=00 stp=0 dat=00 addr=A2D03A
FS 9500 336528 byte=0 miss=0 trk=0 side=0 lat=00 stp=0 dat=00 addr=A2D03A
FS 9550 338080 byte=0 miss=0 trk=0 side=0 lat=00 stp=0 dat=00 addr=A2D03A
FS 9600 339636 byte=0 miss=0 trk=0 side=0 lat=00 stp=0 dat=00 addr=A2D03A
FS 9650 341189 byte=0 miss=0 trk=0 side=0 lat=00 stp=0 dat=00 addr=A2D03A
FS 9700 342748 byte=0 miss=0 trk=0 side=0 lat=00 stp=0 dat=00 addr=A2D03A
FS 9750 344302 byte=0 miss=0 trk=0 side=0 lat=00 stp=0 dat=00 addr=A2D03A
FS 9800 345864 byte=0 miss=0 trk=0 side=0 lat=00 stp=0 dat=00 addr=A2D03A
FS 9850 347415 byte=0 miss=0 trk=0 side=0 lat=00 stp=0 dat=00 addr=A2D03A
FS 9900 348969 byte=0 miss=0 trk=0 side=0 lat=00 stp=0 dat=00 addr=A2D03A
FS 9950 350519 byte=0 miss=0 trk=0 side=0 lat=00 stp=0 dat=00 addr=A2D03A
FS 10000 352077 byte=0 miss=0 trk=0 side=0 lat=00 stp=0 dat=00 addr=A2D03A
FS 10050 353623 byte=0 miss=0 trk=0 side=0 lat=00 stp=0 dat=00 addr=A2D03A
FS 10100 355177 byte=0 miss=0 trk=0 side=0 lat=00 stp=0 dat=00 addr=A2D03A
Error (23031): Evaluation of Tcl script scripts/floppy_rapid.tcl unsuccessful
