=== sample 1 17:14:13 ===
PDRD I/O read   : F01C00 (VIA1) = 0000
PFL0 floppy     : byte_cnt=7011 (+0/s)  miss_cnt=0 (+0/s)  => IDLE (no RDDATA polling)
PFL1 floppy     : track=0 side=0 iwm_latch=FF step_cnt8=0 disk_data=A6
=== sample 2 17:14:20 ===
PDRD I/O read   : F26010 (PseudoVIA) = 0000
PFL0 floppy     : byte_cnt=7011 (+0/s)  miss_cnt=0 (+0/s)  => IDLE (no RDDATA polling)
PFL1 floppy     : track=0 side=0 iwm_latch=FF step_cnt8=0 disk_data=F7
=== sample 3 17:14:26 ===
PDRD I/O read   : F26010 (PseudoVIA) = 0000
PFL0 floppy     : byte_cnt=7011 (+0/s)  miss_cnt=0 (+0/s)  => IDLE (no RDDATA polling)
PFL1 floppy     : track=0 side=0 iwm_latch=FF step_cnt8=0 disk_data=96
=== sample 4 17:14:33 ===
PDRD I/O read   : F01C00 (VIA1) = 0000
PFL0 floppy     : byte_cnt=7011 (+0/s)  miss_cnt=0 (+0/s)  => IDLE (no RDDATA polling)
PFL1 floppy     : track=0 side=0 iwm_latch=FF step_cnt8=0 disk_data=AC
=== sample 5 17:14:40 ===
PDRD I/O read   : F01C00 (VIA1) = 0000
PFL0 floppy     : byte_cnt=7011 (+0/s)  miss_cnt=0 (+0/s)  => IDLE (no RDDATA polling)
PFL1 floppy     : track=0 side=0 iwm_latch=FF step_cnt8=0 disk_data=FF
=== sample 6 17:14:46 ===
PDRD I/O read   : F26010 (PseudoVIA) = 4C4B
PFL0 floppy     : byte_cnt=7011 (+0/s)  miss_cnt=0 (+0/s)  => IDLE (no RDDATA polling)
PFL1 floppy     : track=0 side=0 iwm_latch=FF step_cnt8=0 disk_data=96
=== sample 7 17:14:53 ===
PDRD I/O read   : F01C00 (VIA1) = 0000
PFL0 floppy     : byte_cnt=7011 (+0/s)  miss_cnt=0 (+0/s)  => IDLE (no RDDATA polling)
PFL1 floppy     : track=0 side=0 iwm_latch=FF step_cnt8=0 disk_data=96
=== sample 8 17:15:00 ===
PDRD I/O read   : F01000 (VIA1) = 4244
PFL0 floppy     : byte_cnt=7011 (+0/s)  miss_cnt=0 (+0/s)  => IDLE (no RDDATA polling)
PFL1 floppy     : track=0 side=0 iwm_latch=FF step_cnt8=0 disk_data=B5
=== sample 9 17:15:06 ===
PDRD I/O read   : F01C00 (VIA1) = 0000
PFL0 floppy     : byte_cnt=7011 (+0/s)  miss_cnt=0 (+0/s)  => IDLE (no RDDATA polling)
PFL1 floppy     : track=0 side=0 iwm_latch=FF step_cnt8=0 disk_data=AD
=== sample 10 17:15:13 ===
PDRD I/O read   : F01C00 (VIA1) = 0000
PFL0 floppy     : byte_cnt=7011 (+0/s)  miss_cnt=0 (+0/s)  => IDLE (no RDDATA polling)
PFL1 floppy     : track=0 side=0 iwm_latch=FF step_cnt8=0 disk_data=FF
